GPU available? True
========================================================
Lexical-entrainment grid (per-seed MentalBERT trajectories)
  grid root  : data/networks_post/basis
  reduction  : pca   embedding: mentalbert
  num_steps  : 35   shift: 5
========================================================

======================================================================
[setting] SDA undirected  (5 seeds)
======================================================================
[Cache hit] Loading seed 14 tweet embeddings from plots/lexical_entrainment/cache/sda_undirected/seed_14_tweet_embs_mentalbert.npz
[Info] Loaded 29916 tweet embeddings from plots/lexical_entrainment/cache/sda_undirected/seed_14_tweet_embs_mentalbert.npz
[Cache hit] Loading seed 15 tweet embeddings from plots/lexical_entrainment/cache/sda_undirected/seed_15_tweet_embs_mentalbert.npz
[Info] Loaded 29931 tweet embeddings from plots/lexical_entrainment/cache/sda_undirected/seed_15_tweet_embs_mentalbert.npz
[Cache hit] Loading seed 16 tweet embeddings from plots/lexical_entrainment/cache/sda_undirected/seed_16_tweet_embs_mentalbert.npz
[Info] Loaded 29939 tweet embeddings from plots/lexical_entrainment/cache/sda_undirected/seed_16_tweet_embs_mentalbert.npz
[Cache hit] Loading seed 17 tweet embeddings from plots/lexical_entrainment/cache/sda_undirected/seed_17_tweet_embs_mentalbert.npz
[Info] Loaded 29922 tweet embeddings from plots/lexical_entrainment/cache/sda_undirected/seed_17_tweet_embs_mentalbert.npz
[Cache hit] Loading seed 18 tweet embeddings from plots/lexical_entrainment/cache/sda_undirected/seed_18_tweet_embs_mentalbert.npz
[Info] Loaded 29940 tweet embeddings from plots/lexical_entrainment/cache/sda_undirected/seed_18_tweet_embs_mentalbert.npz
Starting embedding for 5 networks...
[skip] exists: plots/lexical_entrainment/sda_undirected_mentalbert_pca_seeds.png
[plot] wrote plots/lexical_entrainment/sda_undirected_mentalbert_pca_overlay.png

======================================================================
[setting] SDA directed  (5 seeds)
======================================================================
[Cache hit] Loading seed 14 tweet embeddings from plots/lexical_entrainment/cache/sda_directed/seed_14_tweet_embs_mentalbert.npz
[Info] Loaded 29785 tweet embeddings from plots/lexical_entrainment/cache/sda_directed/seed_14_tweet_embs_mentalbert.npz
[Cache hit] Loading seed 15 tweet embeddings from plots/lexical_entrainment/cache/sda_directed/seed_15_tweet_embs_mentalbert.npz
[Info] Loaded 29852 tweet embeddings from plots/lexical_entrainment/cache/sda_directed/seed_15_tweet_embs_mentalbert.npz
[Cache hit] Loading seed 16 tweet embeddings from plots/lexical_entrainment/cache/sda_directed/seed_16_tweet_embs_mentalbert.npz
[Info] Loaded 29861 tweet embeddings from plots/lexical_entrainment/cache/sda_directed/seed_16_tweet_embs_mentalbert.npz
[Cache hit] Loading seed 17 tweet embeddings from plots/lexical_entrainment/cache/sda_directed/seed_17_tweet_embs_mentalbert.npz
[Info] Loaded 29834 tweet embeddings from plots/lexical_entrainment/cache/sda_directed/seed_17_tweet_embs_mentalbert.npz
[Cache hit] Loading seed 18 tweet embeddings from plots/lexical_entrainment/cache/sda_directed/seed_18_tweet_embs_mentalbert.npz
[Info] Loaded 29836 tweet embeddings from plots/lexical_entrainment/cache/sda_directed/seed_18_tweet_embs_mentalbert.npz
Starting embedding for 5 networks...
[skip] exists: plots/lexical_entrainment/sda_directed_mentalbert_pca_seeds.png
[plot] wrote plots/lexical_entrainment/sda_directed_mentalbert_pca_overlay.png

======================================================================
[setting] SDC undirected  (5 seeds)
======================================================================
[Cache hit] Loading seed 14 tweet embeddings from plots/lexical_entrainment/cache/sdc_undirected/seed_14_tweet_embs_mentalbert.npz
[Info] Loaded 29903 tweet embeddings from plots/lexical_entrainment/cache/sdc_undirected/seed_14_tweet_embs_mentalbert.npz
[Cache hit] Loading seed 15 tweet embeddings from plots/lexical_entrainment/cache/sdc_undirected/seed_15_tweet_embs_mentalbert.npz
[Info] Loaded 29942 tweet embeddings from plots/lexical_entrainment/cache/sdc_undirected/seed_15_tweet_embs_mentalbert.npz
[Cache hit] Loading seed 16 tweet embeddings from plots/lexical_entrainment/cache/sdc_undirected/seed_16_tweet_embs_mentalbert.npz
[Info] Loaded 29887 tweet embeddings from plots/lexical_entrainment/cache/sdc_undirected/seed_16_tweet_embs_mentalbert.npz
[Cache hit] Loading seed 17 tweet embeddings from plots/lexical_entrainment/cache/sdc_undirected/seed_17_tweet_embs_mentalbert.npz
[Info] Loaded 29888 tweet embeddings from plots/lexical_entrainment/cache/sdc_undirected/seed_17_tweet_embs_mentalbert.npz
[Cache hit] Loading seed 18 tweet embeddings from plots/lexical_entrainment/cache/sdc_undirected/seed_18_tweet_embs_mentalbert.npz
[Info] Loaded 29939 tweet embeddings from plots/lexical_entrainment/cache/sdc_undirected/seed_18_tweet_embs_mentalbert.npz
Starting embedding for 5 networks...
[skip] exists: plots/lexical_entrainment/sdc_undirected_mentalbert_pca_seeds.png
[plot] wrote plots/lexical_entrainment/sdc_undirected_mentalbert_pca_overlay.png

======================================================================
[setting] SDC directed  (5 seeds)
======================================================================
[Cache hit] Loading seed 14 tweet embeddings from plots/lexical_entrainment/cache/sdc_directed/seed_14_tweet_embs_mentalbert.npz
[Info] Loaded 29883 tweet embeddings from plots/lexical_entrainment/cache/sdc_directed/seed_14_tweet_embs_mentalbert.npz
[Cache hit] Loading seed 15 tweet embeddings from plots/lexical_entrainment/cache/sdc_directed/seed_15_tweet_embs_mentalbert.npz
[Info] Loaded 29878 tweet embeddings from plots/lexical_entrainment/cache/sdc_directed/seed_15_tweet_embs_mentalbert.npz
[Cache hit] Loading seed 16 tweet embeddings from plots/lexical_entrainment/cache/sdc_directed/seed_16_tweet_embs_mentalbert.npz
[Info] Loaded 29857 tweet embeddings from plots/lexical_entrainment/cache/sdc_directed/seed_16_tweet_embs_mentalbert.npz
[Cache hit] Loading seed 17 tweet embeddings from plots/lexical_entrainment/cache/sdc_directed/seed_17_tweet_embs_mentalbert.npz
[Info] Loaded 29828 tweet embeddings from plots/lexical_entrainment/cache/sdc_directed/seed_17_tweet_embs_mentalbert.npz
[Cache hit] Loading seed 18 tweet embeddings from plots/lexical_entrainment/cache/sdc_directed/seed_18_tweet_embs_mentalbert.npz
[Info] Loaded 29885 tweet embeddings from plots/lexical_entrainment/cache/sdc_directed/seed_18_tweet_embs_mentalbert.npz
Starting embedding for 5 networks...
[skip] exists: plots/lexical_entrainment/sdc_directed_mentalbert_pca_seeds.png
[plot] wrote plots/lexical_entrainment/sdc_directed_mentalbert_pca_overlay.png
[skip] exists: plots/lexical_entrainment/entrainment_grid_4x5_mentalbert_pca.png

Done.

========================================================
Done. Figures under plots/lexical_entrainment/.
========================================================
